// Jest Snapshot v1, https://goo.gl/fbAQLP

exports[`Testing with <LoginScreen /> Should show it correctly 1`] = `
<div
  className="container mt-5"
>
  <h1>
    Login
  </h1>
  <button
    className="btn btn-primary"
    onClick={[Function]}
  >
    Sign In
  </button>
</div>
`;
