// Jest Snapshot v1, https://goo.gl/fbAQLP

exports[`Testing with <Navbar /> Should show it correclty 1`] = `
<nav
  className="navbar navbar-expand-sm navbar-dark bg-dark"
>
  <div
    className="container-fluid"
  >
    <a
      className="navbar-brand"
      onClick={[Function]}
    >
      Asociaciones
    </a>
    <div
      className="navbar-collapse"
    >
      <div
        className="navbar-nav"
      >
        <a
          aria-current={null}
          className="nav-item nav-link"
          onClick={[Function]}
        >
          Marvel
        </a>
        <a
          aria-current={null}
          className="nav-item nav-link"
          onClick={[Function]}
        >
          DC
        </a>
        <a
          aria-current={null}
          className="nav-item nav-link"
          onClick={[Function]}
        >
          Search
        </a>
      </div>
    </div>
    <div
      className="d-flex"
    >
      <ul
        className="navbar-nav ml-auto"
      >
        <span
          className="nav-item nav-link text-info"
        >
          CÃ©sar
        </span>
        <button
          className="btn btn-warning"
          onClick={[Function]}
        >
          Logout
        </button>
      </ul>
    </div>
  </div>
</nav>
`;
