// Jest Snapshot v1, https://goo.gl/fbAQLP

exports[`Tests in <PrimerApp/> Must be show <PrimerApp /> correctly 1`] = `
<Fragment>
  <h1>
    Hola, soy César
  </h1>
  <p>
    Soy un subtítulo
  </p>
</Fragment>
`;
