// Jest Snapshot v1, https://goo.gl/fbAQLP

exports[`Testing with LoginScreen Must show the component correctly  1`] = `
Array [
  <div
    className="center-box"
  >
    <img
      alt="Journal App Icon"
      className="img-icon"
      src="https://image.flaticon.com/icons/png/512/3235/3235042.png"
      title="App Icon"
    />
  </div>,
  <h3
    className="auth__title"
  >
    Login
  </h3>,
  <form
    onSubmit={[Function]}
  >
    <input
      autoComplete="off"
      className="auth__input"
      name="email"
      onChange={[Function]}
      placeholder="Email"
      type="text"
      value="cesar@gmail.com"
    />
    <input
      className="auth__input"
      name="password"
      onChange={[Function]}
      placeholder="Password"
      type="password"
      value="12345"
    />
    <div
      className="center-box"
    >
      <button
        className="btn btn-primary mb-5"
        disabled={false}
        type="submit"
      >
        Login
      </button>
    </div>
    <hr />
    <div
      className="auth__social-networks"
    >
      <p>
        Login with social networks
      </p>
      <div
        className="google-btn"
        onClick={[Function]}
      >
        <div
          className="google-icon-wrapper"
        >
          <img
            alt="google button"
            className="google-icon"
            src="https://upload.wikimedia.org/wikipedia/commons/5/53/Google_%22G%22_Logo.svg"
          />
        </div>
        <p
          className="btn-text"
        >
          <b>
            Sign in with google
          </b>
        </p>
      </div>
    </div>
    <a
      className="link"
      href="/auth/register"
      onClick={[Function]}
    >
      Create New Account
    </a>
  </form>,
]
`;
