// Jest Snapshot v1, https://goo.gl/fbAQLP

exports[`Testing with HomeScreen should show correctly 1`] = `
<div>
  <h1>
    HomeScreen
  </h1>
  <hr />
  <pre>
    {
   "name": "CÃ©sar",
   "email": "cesarmauricio.arellano@gmail.com"
}
  </pre>
</div>
`;
