// Jest Snapshot v1, https://goo.gl/fbAQLP

exports[`Testing <DashboardRoutes /> should show it correctly 1`] = `
Array [
  <nav
    className="navbar navbar-expand-sm navbar-dark bg-dark"
  >
    <div
      className="container-fluid"
    >
      <a
        className="navbar-brand"
        href="/"
        onClick={[Function]}
      >
        Asociaciones
      </a>
      <div
        className="navbar-collapse"
      >
        <div
          className="navbar-nav"
        >
          <a
            aria-current="page"
            className="nav-item nav-link active"
            href="/marvel"
            onClick={[Function]}
            style={Object {}}
          >
            Marvel
          </a>
          <a
            aria-current={null}
            className="nav-item nav-link"
            href="/dc"
            onClick={[Function]}
          >
            DC
          </a>
          <a
            aria-current={null}
            className="nav-item nav-link"
            href="/search"
            onClick={[Function]}
          >
            Search
          </a>
        </div>
      </div>
      <div
        className="d-flex"
      >
        <ul
          className="navbar-nav ml-auto"
        >
          <span
            className="nav-item nav-link text-info"
          >
            CÃ©sar
          </span>
          <button
            className="btn btn-warning"
            onClick={[Function]}
          >
            Logout
          </button>
        </ul>
      </div>
    </div>
  </nav>,
  <div
    className="container mt-3"
  >
    <div>
      <h1>
        Marvel Screen
      </h1>
      <div
        className="card-columns animate__animated animate__fadeIn"
      >
        <div
          className="card ms-3"
          style={
            Object {
              "maxwidth": 540,
            }
          }
        >
          <div
            className="row no-gutters"
          >
            <div
              className="col-md-4"
            >
              <img
                alt="Imagen Spider Man"
                className="card-img-top"
                src="./assets/heroes/marvel-spider.jpg"
              />
            </div>
            <div
              className="col-md-8"
            >
              <div
                className="card-body"
              >
                <h5
                  className="card-title"
                >
                  Spider Man
                </h5>
                <p
                  className="card-text"
                >
                  Peter Parker
                </p>
                <p
                  className="card-text"
                >
                  <small
                    className="text-muted"
                  >
                    Amazing Fantasy #15
                  </small>
                </p>
                <a
                  href="/hero/marvel-spider"
                  onClick={[Function]}
                >
                  More...
                </a>
              </div>
            </div>
          </div>
        </div>
        <div
          className="card ms-3"
          style={
            Object {
              "maxwidth": 540,
            }
          }
        >
          <div
            className="row no-gutters"
          >
            <div
              className="col-md-4"
            >
              <img
                alt="Imagen Captain America"
                className="card-img-top"
                src="./assets/heroes/marvel-captain.jpg"
              />
            </div>
            <div
              className="col-md-8"
            >
              <div
                className="card-body"
              >
                <h5
                  className="card-title"
                >
                  Captain America
                </h5>
                <p
                  className="card-text"
                >
                  Steve Rogers
                </p>
                <p
                  className="card-text"
                >
                  <small
                    className="text-muted"
                  >
                    Captain America Comics #1
                  </small>
                </p>
                <a
                  href="/hero/marvel-captain"
                  onClick={[Function]}
                >
                  More...
                </a>
              </div>
            </div>
          </div>
        </div>
        <div
          className="card ms-3"
          style={
            Object {
              "maxwidth": 540,
            }
          }
        >
          <div
            className="row no-gutters"
          >
            <div
              className="col-md-4"
            >
              <img
                alt="Imagen Iron Man"
                className="card-img-top"
                src="./assets/heroes/marvel-iron.jpg"
              />
            </div>
            <div
              className="col-md-8"
            >
              <div
                className="card-body"
              >
                <h5
                  className="card-title"
                >
                  Iron Man
                </h5>
                <p
                  className="card-text"
                >
                  Tony Stark
                </p>
                <p
                  className="card-text"
                >
                  <small
                    className="text-muted"
                  >
                    Tales of Suspense #39
                  </small>
                </p>
                <a
                  href="/hero/marvel-iron"
                  onClick={[Function]}
                >
                  More...
                </a>
              </div>
            </div>
          </div>
        </div>
        <div
          className="card ms-3"
          style={
            Object {
              "maxwidth": 540,
            }
          }
        >
          <div
            className="row no-gutters"
          >
            <div
              className="col-md-4"
            >
              <img
                alt="Imagen Thor"
                className="card-img-top"
                src="./assets/heroes/marvel-thor.jpg"
              />
            </div>
            <div
              className="col-md-8"
            >
              <div
                className="card-body"
              >
                <h5
                  className="card-title"
                >
                  Thor
                </h5>
                <p
                  className="card-text"
                >
                  Thor Odinson
                </p>
                <p
                  className="card-text"
                >
                  <small
                    className="text-muted"
                  >
                    Journey into Myster #83
                  </small>
                </p>
                <a
                  href="/hero/marvel-thor"
                  onClick={[Function]}
                >
                  More...
                </a>
              </div>
            </div>
          </div>
        </div>
        <div
          className="card ms-3"
          style={
            Object {
              "maxwidth": 540,
            }
          }
        >
          <div
            className="row no-gutters"
          >
            <div
              className="col-md-4"
            >
              <img
                alt="Imagen Hulk"
                className="card-img-top"
                src="./assets/heroes/marvel-hulk.jpg"
              />
            </div>
            <div
              className="col-md-8"
            >
              <div
                className="card-body"
              >
                <h5
                  className="card-title"
                >
                  Hulk
                </h5>
                <p
                  className="card-text"
                >
                  Bruce Banner
                </p>
                <p
                  className="card-text"
                >
                  <small
                    className="text-muted"
                  >
                    The Incredible Hulk #1
                  </small>
                </p>
                <a
                  href="/hero/marvel-hulk"
                  onClick={[Function]}
                >
                  More...
                </a>
              </div>
            </div>
          </div>
        </div>
        <div
          className="card ms-3"
          style={
            Object {
              "maxwidth": 540,
            }
          }
        >
          <div
            className="row no-gutters"
          >
            <div
              className="col-md-4"
            >
              <img
                alt="Imagen Wolverine"
                className="card-img-top"
                src="./assets/heroes/marvel-wolverine.jpg"
              />
            </div>
            <div
              className="col-md-8"
            >
              <div
                className="card-body"
              >
                <h5
                  className="card-title"
                >
                  Wolverine
                </h5>
                <p
                  className="card-text"
                >
                  James Howlett
                </p>
                <p
                  className="card-text"
                >
                  <small
                    className="text-muted"
                  >
                    The Incredible Hulk #180
                  </small>
                </p>
                <a
                  href="/hero/marvel-wolverine"
                  onClick={[Function]}
                >
                  More...
                </a>
              </div>
            </div>
          </div>
        </div>
        <div
          className="card ms-3"
          style={
            Object {
              "maxwidth": 540,
            }
          }
        >
          <div
            className="row no-gutters"
          >
            <div
              className="col-md-4"
            >
              <img
                alt="Imagen Daredevil"
                className="card-img-top"
                src="./assets/heroes/marvel-daredevil.jpg"
              />
            </div>
            <div
              className="col-md-8"
            >
              <div
                className="card-body"
              >
                <h5
                  className="card-title"
                >
                  Daredevil
                </h5>
                <p
                  className="card-text"
                >
                  Matthew Michael Murdock
                </p>
                <p
                  className="card-text"
                >
                  <small
                    className="text-muted"
                  >
                    Daredevil #1
                  </small>
                </p>
                <a
                  href="/hero/marvel-daredevil"
                  onClick={[Function]}
                >
                  More...
                </a>
              </div>
            </div>
          </div>
        </div>
        <div
          className="card ms-3"
          style={
            Object {
              "maxwidth": 540,
            }
          }
        >
          <div
            className="row no-gutters"
          >
            <div
              className="col-md-4"
            >
              <img
                alt="Imagen Hawkeye"
                className="card-img-top"
                src="./assets/heroes/marvel-hawkeye.jpg"
              />
            </div>
            <div
              className="col-md-8"
            >
              <div
                className="card-body"
              >
                <h5
                  className="card-title"
                >
                  Hawkeye
                </h5>
                <p
                  className="card-text"
                >
                  Clinton Francis Barton
                </p>
                <p
                  className="card-text"
                >
                  <small
                    className="text-muted"
                  >
                    Tales of Suspense #57
                  </small>
                </p>
                <a
                  href="/hero/marvel-hawkeye"
                  onClick={[Function]}
                >
                  More...
                </a>
              </div>
            </div>
          </div>
        </div>
        <div
          className="card ms-3"
          style={
            Object {
              "maxwidth": 540,
            }
          }
        >
          <div
            className="row no-gutters"
          >
            <div
              className="col-md-4"
            >
              <img
                alt="Imagen Cyclops"
                className="card-img-top"
                src="./assets/heroes/marvel-cyclops.jpg"
              />
            </div>
            <div
              className="col-md-8"
            >
              <div
                className="card-body"
              >
                <h5
                  className="card-title"
                >
                  Cyclops
                </h5>
                <p
                  className="card-text"
                >
                  Scott Summers
                </p>
                <p
                  className="card-text"
                >
                  <small
                    className="text-muted"
                  >
                    X-Men #1
                  </small>
                </p>
                <a
                  href="/hero/marvel-cyclops"
                  onClick={[Function]}
                >
                  More...
                </a>
              </div>
            </div>
          </div>
        </div>
        <div
          className="card ms-3"
          style={
            Object {
              "maxwidth": 540,
            }
          }
        >
          <div
            className="row no-gutters"
          >
            <div
              className="col-md-4"
            >
              <img
                alt="Imagen Silver Surfer"
                className="card-img-top"
                src="./assets/heroes/marvel-silver.jpg"
              />
            </div>
            <div
              className="col-md-8"
            >
              <div
                className="card-body"
              >
                <h5
                  className="card-title"
                >
                  Silver Surfer
                </h5>
                <p
                  className="card-text"
                >
                  Norrin Radd
                </p>
                <p
                  className="card-text"
                >
                  <small
                    className="text-muted"
                  >
                    The Fantastic Four #48
                  </small>
                </p>
                <a
                  href="/hero/marvel-silver"
                  onClick={[Function]}
                >
                  More...
                </a>
              </div>
            </div>
          </div>
        </div>
      </div>
    </div>
  </div>,
]
`;
