// Jest Snapshot v1, https://goo.gl/fbAQLP

exports[`Testing in <RealExampleRef /> should show correctly 1`] = `
<div>
  <h1>
    Real Example Ref
  </h1>
  <hr />
  <button
    className="btn btn-primary mt-5"
    onClick={[Function]}
  >
    Toggle
  </button>
</div>
`;
